C51 COMPILER V9.01   DASET                                                                 04/28/2016 00:02:47 PAGE 1   


C51 COMPILER V9.01, COMPILATION OF MODULE DASET
OBJECT MODULE PLACED IN DASet.obj
COMPILER INVOKED BY: C:\keil51\C51\BIN\C51.EXE APP\DASet.c BROWSE INCDIR(.\APP;.\BSP;..\..\CodeGroup;..\rgbcode) DEBUG O
                    -BJECTEXTEND PRINT(.\DASet.lst) OBJECT(DASet.obj)

line level    source

   1          
   2          #include "rsystem.h"
   3           u8 DaswitchFlags=0;
   4          void SetDa123Value(u8 Danum ,u8 flag){
   5   1      
   6   1                 switch(flag){
   7   2                      case 0:
   8   2                         TLC5620_SetOutput(Danum,ZeroDA1);   //0
   9   2                      break;
  10   2                      case 1:
  11   2                         TLC5620_SetOutput(Danum,Minus_TwoDA1);
  12   2                      break;
  13   2              case 2:
  14   2                         TLC5620_SetOutput(Danum,Zero_FiveDA1);
  15   2                      break;
  16   2              case 3:
  17   2                         TLC5620_SetOutput(Danum,Four_NineDA1);
  18   2                      break;
  19   2              case 4:
  20   2                         TLC5620_SetOutput(Danum,Five_OneDA1);
  21   2                      break;
  22   2              case 5:
  23   2                         TLC5620_SetOutput(Danum,Eight_FiveDA1);
  24   2                      break;
  25   2              case 6:
  26   2                         TLC5620_SetOutput(Danum,TenDA1);
  27   2                      break;
  28   2                      case 7:
  29   2                         TLC5620_SetOutput(Danum,ElevenDA1);
  30   2                      break;
  31   2                 }
  32   1      
  33   1       
  34   1      
  35   1      }
  36          void SetDa0Value( u8 flag){
  37   1      
  38   1                 switch(flag){   
  39   2                      case 0:
  40   2                         TLC5620_SetOutput(0,ZeroDA0);   //0
  41   2                      break;
  42   2                      case 1:
  43   2                         TLC5620_SetOutput(0,ThreeDA0);
  44   2                      break;
  45   2              case 2:
  46   2                         TLC5620_SetOutput(0,FiveDA0);
  47   2                      break;
  48   2                
  49   2                 }
  50   1      
  51   1       
  52   1      
  53   1      }
  54          
C51 COMPILER V9.01   DASET                                                                 04/28/2016 00:02:47 PAGE 2   

  55           void DaHighset(u8 modelFlag){
  56   1          switch(modelFlag) {
  57   2           case 0:    //¹Ø±Õ
  58   2               SetDa123Value(1,0);
  59   2           SetDa123Value(2,0);
  60   2               SetDa123Value(3,0);
  61   2           SetDa0Value (0);
  62   2               break;
  63   2               case 1:        //gray
  64   2           SetDa123Value(1,5);
  65   2           SetDa123Value(2,5);
  66   2               SetDa123Value(3,5);
  67   2           SetDa0Value(1);
  68   2               break;
  69   2               case 2:  //white 
  70   2               SetDa123Value(1,4);
  71   2           SetDa123Value(2,4);
  72   2               SetDa123Value(3,4);
  73   2           SetDa0Value(1);
  74   2               break;
  75   2               case 3:  //black
  76   2           SetDa123Value(1,7);   
  77   2           SetDa123Value(2,7);
  78   2               SetDa123Value(3,7);
  79   2           SetDa0Value(1);
  80   2               break; 
  81   2               case 4:  //R
  82   2               SetDa123Value(1,4);
  83   2           SetDa123Value(2,6);
  84   2               SetDa123Value(3,6);
  85   2           SetDa0Value(1);
  86   2               break; 
  87   2               case 5:  //G
  88   2               SetDa123Value(1,6);
  89   2           SetDa123Value(2,4);
  90   2               SetDa123Value(3,6);
  91   2           SetDa0Value(1);
  92   2               break; 
  93   2                       case 6:  //B
  94   2               SetDa123Value(1,6);
  95   2           SetDa123Value(2,6);
  96   2               SetDa123Value(3,4);
  97   2           SetDa0Value(1);
  98   2               break; 
  99   2                       case 7:  //Odd
 100   2               SetDa123Value(1,6);
 101   2           SetDa123Value(2,6);
 102   2               SetDa123Value(3,6);
 103   2           SetDa0Value(2);
 104   2               break; 
 105   2                       case 8:  //Even
 106   2               SetDa123Value(1,6);
 107   2           SetDa123Value(2,6);
 108   2               SetDa123Value(3,6);
 109   2           SetDa0Value(2);
 110   2               break;
 111   2                      }
 112   1      
 113   1               
 114   1       
 115   1       }
 116          
C51 COMPILER V9.01   DASET                                                                 04/28/2016 00:02:47 PAGE 3   

 117           void DaLowset(u8 modelFlag){
 118   1         
 119   1           switch(modelFlag) {
 120   2           case 0:    //¹Ø±Õ
 121   2               SetDa123Value(1,0);  //-2
 122   2           SetDa123Value(2,0);
 123   2               SetDa123Value(3,0);
 124   2           SetDa0Value (0);
 125   2               break;
 126   2               case 1:        //gray
 127   2           SetDa123Value(1,2);
 128   2           SetDa123Value(2,2);
 129   2               SetDa123Value(3,2);
 130   2           SetDa0Value(1);
 131   2               break;
 132   2               case 2:  //white 
 133   2               SetDa123Value(1,3);
 134   2           SetDa123Value(2,3);
 135   2               SetDa123Value(3,3);
 136   2           SetDa0Value(1);
 137   2               break;
 138   2               case 3:  //black
 139   2           SetDa123Value(1,1);
 140   2           SetDa123Value(2,1);
 141   2               SetDa123Value(3,1);
 142   2           SetDa0Value(1);
 143   2               break; 
 144   2               case 4:  //R
 145   2               SetDa123Value(1,3);
 146   2           SetDa123Value(2,0);
 147   2               SetDa123Value(3,0);
 148   2           SetDa0Value (1);
 149   2               break; 
 150   2               case 5:  //G
 151   2               SetDa123Value(1,0);
 152   2           SetDa123Value(2,3);
 153   2               SetDa123Value(3,0);
 154   2           SetDa0Value(1);
 155   2               break; 
 156   2                       case 6:  //B
 157   2               SetDa123Value(1,1);
 158   2           SetDa123Value(2,1);
 159   2               SetDa123Value(3,3);
 160   2           SetDa0Value(1);
 161   2               break; 
 162   2                       case 7:  //Odd
 163   2               SetDa123Value(1,0);
 164   2           SetDa123Value(2,0);
 165   2               SetDa123Value(3,0);
 166   2           SetDa0Value(2);
 167   2               break; 
 168   2                       case 8:  //Even
 169   2               SetDa123Value(1,0);
 170   2           SetDa123Value(2,0);
 171   2               SetDa123Value(3,0);
 172   2           SetDa0Value(2);
 173   2               break; 
 174   2              
 175   2              
 176   2              
 177   2              }
 178   1       }
C51 COMPILER V9.01   DASET                                                                 04/28/2016 00:02:47 PAGE 4   

 179          
 180            u8 SwitchDavalue(u8 flags,u8 modeflag){
 181   1         
 182   1                       switch(flags){
 183   2                        case 0:  DaLowset(modeflag); return 0;
 184   2                        break;
 185   2                        case 1:  DaHighset(modeflag); return 1;
 186   2                        break;
 187   2                       }
 188   1       
 189   1       }
*** WARNING C291 IN LINE 189 OF APP\DASET.C: not every exit path returns a value


MODULE INFORMATION:   STATIC OVERLAYABLE
   CODE SIZE        =    605    ----
   CONSTANT SIZE    =   ----    ----
   XDATA SIZE       =   ----    ----
   PDATA SIZE       =   ----    ----
   DATA SIZE        =      1       2
   IDATA SIZE       =   ----    ----
   BIT SIZE         =   ----    ----
END OF MODULE INFORMATION.


C51 COMPILATION COMPLETE.  1 WARNING(S),  0 ERROR(S)
