C51 COMPILER V9.01   DELAY                                                                 04/27/2016 23:53:57 PAGE 1   


C51 COMPILER V9.01, COMPILATION OF MODULE DELAY
OBJECT MODULE PLACED IN delay.obj
COMPILER INVOKED BY: C:\keil51\C51\BIN\C51.EXE BSP\delay.c BROWSE INCDIR(.\APP;.\BSP;..\..\CodeGroup;..\rgbcode) DEBUG O
                    -BJECTEXTEND PRINT(.\delay.lst) OBJECT(delay.obj)

line level    source

   1           
   2          
   3          /*************  功能说明        **************
   4          
   5           
   6          
   7          ******************************************/
   8           
   9          #include "rsystem.h"
  10          
  11          
  12          
  13          //========================================================================
  14          // 函数: void  delay_ms(unsigned char ms)
  15          // 描述: 延时函数。
  16          // 参数: ms,要延时的ms数, 这里只支持1~255ms. 自动适应主时钟.
  17          // 返回: none.
  18          // 版本: VER1.0
  19          // 日期:  
  20          // 备注: 
  21          //========================================================================
  22          void  delay_ms(unsigned char ms)
  23          {
  24   1           unsigned int i;
  25   1               do{
  26   2                  i = MAIN_Fosc / 13000;
  27   2                        while(--i)    ;   //14T per loop
  28   2           }while(--ms);
  29   1      }
  30          //========================================================================
  31          // 函数: void  delay_s(unsigned char s)
  32          // 描述: 延时函数。
  33          // 参数: s,要延时的s数, 这里只支持1~255s. 自动适应主时钟.
  34          // 返回: none.
  35          // 版本: VER1.0
  36          // 日期:  
  37          // 备注: 
  38          //========================================================================
  39          
  40          void  delay_s(unsigned char s){
  41   1         
  42   1           u8 temp=5*s ;
  43   1               do{
  44   2                delay_ms(200);
  45   2                       
  46   2           }while(--temp);
  47   1              
  48   1      
  49   1      
  50   1      }


MODULE INFORMATION:   STATIC OVERLAYABLE
   CODE SIZE        =     30    ----
C51 COMPILER V9.01   DELAY                                                                 04/27/2016 23:53:57 PAGE 2   

   CONSTANT SIZE    =   ----    ----
   XDATA SIZE       =   ----    ----
   PDATA SIZE       =   ----    ----
   DATA SIZE        =   ----    ----
   IDATA SIZE       =   ----    ----
   BIT SIZE         =   ----    ----
END OF MODULE INFORMATION.


C51 COMPILATION COMPLETE.  0 WARNING(S),  0 ERROR(S)
